// Jest Snapshot v1, https://goo.gl/fbAQLP

exports[`App Renders Component According To Snapshot 1`] = `
<div>
  <button
    class="theme-button"
  >
    Light
     Mode
  </button>
  <input
    placeholder="Enter city name..."
    role="search"
    type="text"
  />
  <button>
    Show Weather
  </button>
</div>
`;
